<html>
<body>
<pre>
<h1>µVision Build Log</h1>
<h2>Project:</h2>
D:\Embedded\New folder\keil.uvproj
Project File Date:  06/02/2021

<h2>Output:</h2>
Build target 'Target 1'
compiling c-code.c...
c-code.c(8): warning:  #177-D: variable "delay" was declared but never referenced
  uint32_t delay;
c-code.c(50): warning:  #1-D: last line of file ends without a newline
  }*/
c-code.c: 2 warnings, 0 errors
linking...
Program Size: Code=6820 RO-data=1100 RW-data=4 ZI-data=516  
".\keil.axf" - 0 Error(s), 2 Warning(s).
</pre>
</body>
</html>
*function getDistanceFromLatLonInKm(lat1,lon1,lat2,lon2) {
c-code.c: 2 warnings, 1 error
"c-code.c" - 1 Error(s), 2 Warning(s).
compiling c-code.c...
c-code.c(8): warning:  #177-D: variable "delay" was declared but never referenced
  uint32_t delay;
c-code.c(51): warning:  #1-D: last line of file ends without a newline
  }*/
c-code.c: 2 warnings, 0 errors
"c-code.c" - 0 Error(s), 2 Warning(s).
compiling c-code.c...
c-code.c(8): warning:  #177-D: variable "delay" was declared but never referenced
  uint32_t delay;
c-code.c(51): warning:  #1-D: last line of file ends without a newline
  }*/
c-code.c: 2 warnings, 0 errors
"c-code.c" - 0 Error(s), 2 Warning(s).
